Resolving dependencies...
Downloading packages...
  _flutterfire_internals 1.3.66 (1.3.67 available)
  characters 1.4.0 (1.4.1 available)
  cloud_firestore 6.1.2 (6.1.3 available)
  cloud_firestore_platform_interface 7.0.6 (7.0.7 available)
  cloud_firestore_web 5.1.2 (5.1.3 available)
  firebase_auth 6.1.4 (6.2.0 available)
  firebase_auth_platform_interface 8.1.6 (8.1.7 available)
  firebase_auth_web 6.1.2 (6.1.3 available)
  firebase_core 4.4.0 (4.5.0 available)
  firebase_core_web 3.4.0 (3.5.0 available)
  firebase_messaging 16.1.1 (16.1.2 available)
  firebase_messaging_platform_interface 4.7.6 (4.7.7 available)
  firebase_messaging_web 4.1.2 (4.1.3 available)
  firebase_storage 13.0.6 (13.1.0 available)
  firebase_storage_platform_interface 5.2.17 (5.2.18 available)
  firebase_storage_web 3.11.2 (3.11.3 available)
  flutter_map 7.0.2 (8.2.2 available)
  flutter_riverpod 2.6.1 (3.2.1 available)
  image_picker_android 0.8.13+13 (0.8.13+14 available)
  json_annotation 4.10.0 (4.11.0 available)
  matcher 0.12.17 (0.12.19 available)
  material_color_utilities 0.11.1 (0.13.0 available)
  meta 1.17.0 (1.18.1 available)
  mgrs_dart 2.0.0 (3.0.0 available)
  path_provider_foundation 2.5.1 (2.6.0 available)
  proj4dart 2.1.0 (3.0.0 available)
  riverpod 2.6.1 (3.2.1 available)
  shared_preferences_android 2.4.20 (2.4.21 available)
  test_api 0.7.7 (0.7.10 available)
  unicode 0.3.1 (1.1.9 available)
  uuid 4.5.2 (4.5.3 available)
Got dependencies!
31 packages have newer versions incompatible with dependency constraints.
Try `flutter pub outdated` for more information.
Compiling lib\main.dart for the Web...                          
flutter : Unexpected wasm 
dry run failure (255):
At line:1 char:1
+ flutter build web > 
build_errors.txt 2>&1
+ ~~~~~~~~~~~~~~~~~~~~~~~~~~~
~~~~~~~~~~~~~~
    + CategoryInfo           
   : NotSpecified: (Unexpec  
  ted wasm dry run failure   
  (255)::String) [], Remo    
teException
    + FullyQualifiedErrorId  
   : NativeCommandError
 

Unhandled exception:
Unsupported operation: 
Cannot extract a file path 
from a org-dartlang-untransla
table-uri URI
#0      _Uri.toFilePath 
(dart:core/uri.dart:3433)
#1      
DryRunSummarizer._lintChecks 
(package:dart2wasm/dry_run.da
rt:150)
#2      
DryRunSummarizer.summarize (p
ackage:dart2wasm/dry_run.dart
:221)
#3      compileToModule (pack
age:dart2wasm/compile.dart:22
4)
<asynchronous suspension>
#4      generateWasm (package
:dart2wasm/generate_wasm.dart
:81)
<asynchronous suspension>
#5      main (file:///C:/b/s/
w/ir/x/w/sdk/pkg/dart2wasm/bi
n/dart2wasm.dart:10)
<asynchronous suspension>

Use --no-wasm-dry-run to 
disable these warnings.
Target dart2js failed: 
ProcessException: Process 
exited abnormally with exit 
code 1:
Error: Couldn't resolve the 
package 
'google_maps_flutter_web' in 
'package:google_maps_flutter_
web/google_maps_flutter_web.d
art'.
.dart_tool/flutter_build/86d8
75288cf3f98892cb3e9e1d174ee5/
web_plugin_registrant.dart:14
:8:
Error: Not found: 'package:go
ogle_maps_flutter_web/google_
maps_flutter_web.dart'
import 'package:google_maps_f
lutter_web/google_maps_flutte
r_web.dart';
       ^
.dart_tool/flutter_build/86d8
75288cf3f98892cb3e9e1d174ee5/
web_plugin_registrant.dart:29
:3:
Error: Undefined name 
'GoogleMapsPlugin'.
  GoogleMapsPlugin.registerWi
th(registrar);
  ^^^^^^^^^^^^^^^^
Error: Compilation failed.
  Command: C:\src\flutter\bin
\cache\dart-sdk\bin\dart.exe 
compile js --platform-binarie
s=C:\src\flutter\bin\cache\fl
utter_web_sdk\kernel 
--invoker=flutter_tool 
-Ddart.vm.product=true 
-DFLUTTER_VERSION=3.38.3 
-DFLUTTER_CHANNEL=stable -DFL
UTTER_GIT_URL=https://github.
com/flutter/flutter.git -DFLU
TTER_FRAMEWORK_REVISION=19074
d12f7 -DFLUTTER_ENGINE_REVISI
ON=13e658725d -DFLUTTER_DART_
VERSION=3.10.1 
-DFLUTTER_WEB_USE_SKIA=true -
DFLUTTER_WEB_USE_SKWASM=false
 -DFLUTTER_WEB_CANVASKIT_URL=
https://www.gstatic.com/flutt
er-canvaskit/13e658725ddaa270
601426d1485636157e38c34c/ 
--native-null-assertions 
--no-source-maps -O4 
--minify -o D:\hemanth_flutte
r\Nestora-AI-main\.dart_tool\
flutter_build\86d875288cf3f98
892cb3e9e1d174ee5\app.dill --
packages=D:\hemanth_flutter\N
estora-AI-main\.dart_tool\pac
kage_config.json --cfe-only D
:\hemanth_flutter\Nestora-AI-
main\.dart_tool\flutter_build
\86d875288cf3f98892cb3e9e1d17
4ee5\main.dart
#0      
RunResult.throwException (pac
kage:flutter_tools/src/base/p
rocess.dart:153:5)
#1      
_DefaultProcessUtils.run (pac
kage:flutter_tools/src/base/p
rocess.dart:379:19)
<asynchronous suspension>
#2      Dart2JSTarget.build (
package:flutter_tools/src/bui
ld_system/targets/web.dart:20
7:5)
<asynchronous suspension>
#3      _BuildInstance._invok
eInternal (package:flutter_to
ols/src/build_system/build_sy
stem.dart:873:9)
<asynchronous suspension>
#4      
Future.wait.<anonymous 
closure> (dart:async/future.d
art:546:21)
<asynchronous suspension>
#5      
_BuildInstance.invokeTarget (
package:flutter_tools/src/bui
ld_system/build_system.dart:8
11:32)
<asynchronous suspension>
#6      
Future.wait.<anonymous 
closure> (dart:async/future.d
art:546:21)
<asynchronous suspension>
#7      
_BuildInstance.invokeTarget (
package:flutter_tools/src/bui
ld_system/build_system.dart:8
11:32)
<asynchronous suspension>
#8      
FlutterBuildSystem.build (pac
kage:flutter_tools/src/build_
system/build_system.dart:631:
16)
<asynchronous suspension>
#9      WebBuilder.buildWeb (
package:flutter_tools/src/web
/compile.dart:94:34)
<asynchronous suspension>
#10     
BuildWebCommand.runCommand (p
ackage:flutter_tools/src/comm
ands/build_web.dart:296:5)
<asynchronous suspension>
#11     FlutterCommand.run.<a
nonymous closure> (package:fl
utter_tools/src/runner/flutte
r_command.dart:1559:27)
<asynchronous suspension>
#12     
AppContext.run.<anonymous 
closure> (package:flutter_too
ls/src/base/context.dart:154:
19)
<asynchronous suspension>
#13     
CommandRunner.runCommand (pac
kage:args/command_runner.dart
:212:13)
<asynchronous suspension>
#14     FlutterCommandRunner.
runCommand.<anonymous 
closure> (package:flutter_too
ls/src/runner/flutter_command
_runner.dart:487:9)
<asynchronous suspension>
#15     
AppContext.run.<anonymous 
closure> (package:flutter_too
ls/src/base/context.dart:154:
19)
<asynchronous suspension>
#16     FlutterCommandRunner.
runCommand (package:flutter_t
ools/src/runner/flutter_comma
nd_runner.dart:422:5)
<asynchronous suspension>
#17     run.<anonymous 
closure>.<anonymous closure> 
(package:flutter_tools/runner
.dart:104:11)
<asynchronous suspension>
#18     
AppContext.run.<anonymous 
closure> (package:flutter_too
ls/src/base/context.dart:154:
19)
<asynchronous suspension>
#19     main (package:flutter
_tools/executable.dart:103:3)
<asynchronous suspension>

Compiling lib\main.dart for the Web...                             11.2s
Error: Failed to compile 
application for the Web.
