  error - Target of URI doesn't exist: 'package:fl_chart/fl_chart.dart' - lib\features\ai_services\presentation\widgets\price_analysis_chart.dart:2:8 - uri_does_not_exist
  error - The method 'BarChart' isn't defined for the type 'PriceAnalysisChart' - lib\features\ai_services\presentation\widgets\price_analysis_chart.dart:68:20 - undefined_method
  error - The method 'BarChartData' isn't defined for the type 'PriceAnalysisChart' - lib\features\ai_services\presentation\widgets\price_analysis_chart.dart:69:15 - undefined_method
  error - Undefined name 'BarChartAlignment' - lib\features\ai_services\presentation\widgets\price_analysis_chart.dart:70:28 - undefined_identifier
  error - The method 'BarTouchData' isn't defined for the type 'PriceAnalysisChart' - lib\features\ai_services\presentation\widgets\price_analysis_chart.dart:73:31 - undefined_method
  error - The method 'BarTouchTooltipData' isn't defined for the type 'PriceAnalysisChart' - lib\features\ai_services\presentation\widgets\price_analysis_chart.dart:75:37 - undefined_method
  error - The method 'BarTooltipItem' isn't defined for the type 'PriceAnalysisChart' - lib\features\ai_services\presentation\widgets\price_analysis_chart.dart:77:30 - undefined_method
  error - The method 'FlTitlesData' isn't defined for the type 'PriceAnalysisChart' - lib\features\ai_services\presentation\widgets\price_analysis_chart.dart:87:29 - undefined_method
  error - The method 'AxisTitles' isn't defined for the type 'PriceAnalysisChart' - lib\features\ai_services\presentation\widgets\price_analysis_chart.dart:89:33 - undefined_method
  error - The method 'SideTitles' isn't defined for the type 'PriceAnalysisChart' - lib\features\ai_services\presentation\widgets\price_analysis_chart.dart:90:33 - undefined_method
  error - The method 'SideTitleWidget' isn't defined for the type 'PriceAnalysisChart' - lib\features\ai_services\presentation\widgets\price_analysis_chart.dart:106:32 - undefined_method
  error - The name 'AxisTitles' isn't a class - lib\features\ai_services\presentation\widgets\price_analysis_chart.dart:113:37 - creation_with_non_type
  error - The method 'SideTitles' isn't defined for the type 'PriceAnalysisChart' - lib\features\ai_services\presentation\widgets\price_analysis_chart.dart:114:33 - undefined_method
  error - The name 'AxisTitles' isn't a class - lib\features\ai_services\presentation\widgets\price_analysis_chart.dart:116:36 - creation_with_non_type
  error - The method 'SideTitles' isn't defined for the type 'PriceAnalysisChart' - lib\features\ai_services\presentation\widgets\price_analysis_chart.dart:117:33 - undefined_method
  error - The name 'AxisTitles' isn't a class - lib\features\ai_services\presentation\widgets\price_analysis_chart.dart:119:38 - creation_with_non_type
  error - The method 'SideTitles' isn't defined for the type 'PriceAnalysisChart' - lib\features\ai_services\presentation\widgets\price_analysis_chart.dart:120:33 - undefined_method
  error - The method 'FlBorderData' isn't defined for the type 'PriceAnalysisChart' - lib\features\ai_services\presentation\widgets\price_analysis_chart.dart:123:29 - undefined_method
  error - The name 'FlGridData' isn't a class - lib\features\ai_services\presentation\widgets\price_analysis_chart.dart:124:33 - creation_with_non_type
  error - The method 'BarChartGroupData' isn't defined for the type 'PriceAnalysisChart' - lib\features\ai_services\presentation\widgets\price_analysis_chart.dart:126:19 - undefined_method
  error - The method 'BarChartRodData' isn't defined for the type 'PriceAnalysisChart' - lib\features\ai_services\presentation\widgets\price_analysis_chart.dart:129:23 - undefined_method
  error - The method 'BarChartGroupData' isn't defined for the type 'PriceAnalysisChart' - lib\features\ai_services\presentation\widgets\price_analysis_chart.dart:137:19 - undefined_method
  error - The method 'BarChartRodData' isn't defined for the type 'PriceAnalysisChart' - lib\features\ai_services\presentation\widgets\price_analysis_chart.dart:140:23 - undefined_method
warning - Unused import: 'package:house_rental/core/errors/failures.dart' - lib\features\listings\presentation\pages\listing_details_page.dart:3:8 - unused_import
warning - The value of the field '_errorMessage' isn't used - lib\features\listings\presentation\pages\listing_details_page.dart:40:11 - unused_field
  error - The named parameter 'bookingId' is required, but there's no corresponding argument - lib\features\listings\presentation\pages\listing_details_page.dart:215:20 - missing_required_argument
